// Jest Snapshot v1, https://goo.gl/fbAQLP

exports[`dropdown dropdown renders correctly 1`] = `ShallowWrapper {}`;
