// Jest Snapshot v1, https://goo.gl/fbAQLP

exports[`Button button renders correctly 1`] = `ShallowWrapper {}`;
