// Jest Snapshot v1, https://goo.gl/fbAQLP

exports[`jobDescription jobDescription renders correctly 1`] = `ShallowWrapper {}`;

exports[`jobDescription jobDescription renders theme correctly 1`] = `ReactWrapper {}`;
