// Jest Snapshot v1, https://goo.gl/fbAQLP

exports[`summary renders correctly 1`] = `ShallowWrapper {}`;
