// Jest Snapshot v1, https://goo.gl/fbAQLP

exports[`Summary summary renders correctly 1`] = `ShallowWrapper {}`;

exports[`Summary summary renders theme correctly 1`] = `ReactWrapper {}`;
