// Jest Snapshot v1, https://goo.gl/fbAQLP

exports[`Navbar navbar renders correctly 1`] = `ShallowWrapper {}`;

exports[`Navbar navbar renders theme correctly 1`] = `ReactWrapper {}`;
