// Jest Snapshot v1, https://goo.gl/fbAQLP

exports[`thumbnail renders correctly 1`] = `ShallowWrapper {}`;
