// Jest Snapshot v1, https://goo.gl/fbAQLP

exports[`footer footer renders correctly 1`] = `ShallowWrapper {}`;

exports[`footer footer renders theme correctly 1`] = `ReactWrapper {}`;
