// Jest Snapshot v1, https://goo.gl/fbAQLP

exports[`gallery gallery renders correctly 1`] = `ShallowWrapper {}`;
