// Jest Snapshot v1, https://goo.gl/fbAQLP

exports[`Thumbnail thumbnail renders correctly 1`] = `ShallowWrapper {}`;

exports[`Thumbnail thumbnail renders theme correctly 1`] = `ReactWrapper {}`;
