// Jest Snapshot v1, https://goo.gl/fbAQLP

exports[`imagesGrid imagesGrid renders correctly 1`] = `ShallowWrapper {}`;

exports[`imagesGrid imagesGrid renders theme correctly 1`] = `ReactWrapper {}`;
