// Jest Snapshot v1, https://goo.gl/fbAQLP

exports[`Button button renders theme correctly 1`] = `ReactWrapper {}`;
