// Jest Snapshot v1, https://goo.gl/fbAQLP

exports[`banner renders correctly 1`] = `ShallowWrapper {}`;
