// Jest Snapshot v1, https://goo.gl/fbAQLP

exports[`PageSection pageSection renders correctly 1`] = `ShallowWrapper {}`;
