// Jest Snapshot v1, https://goo.gl/fbAQLP

exports[`Background background renders correctly 1`] = `ShallowWrapper {}`;

exports[`Background background renders theme correctly 1`] = `ReactWrapper {}`;
